// Jest Snapshot v1, https://goo.gl/fbAQLP

exports[`info test with dgml reporter 1`] = `"<DirectedGraph GraphDirection="LeftToRight" xmlns="http://schemas.microsoft.com/vs/2009/dgml"><Nodes><Node Id="BarCore#test" Label="BarCore#test"><Category Ref="test"/></Node><Node Id="BarPage#test" Label="BarPage#test"><Category Ref="test"/></Node><Node Id="BuildTool#test" Label="BuildTool#test"><Category Ref="test"/></Node><Node Id="FooApp1#test" Label="FooApp1#test"><Category Ref="test"/></Node><Node Id="FooApp2#test" Label="FooApp2#test"><Category Ref="test"/></Node><Node Id="FooCore#test" Label="FooCore#test"><Category Ref="test"/></Node><Node Id="BarCore#build" Label="BarCore#build"><Category Ref="build"/></Node><Node Id="BarPage#build" Label="BarPage#build"><Category Ref="build"/></Node><Node Id="BuildTool#build" Label="BuildTool#build"><Category Ref="build"/></Node><Node Id="FooApp1#build" Label="FooApp1#build"><Category Ref="build"/></Node><Node Id="FooApp2#build" Label="FooApp2#build"><Category Ref="build"/></Node><Node Id="FooCore#build" Label="FooCore#build"><Category Ref="build"/></Node></Nodes><Links><Link Source="BarCore#test" Target="BarCore#build"/><Link Source="BarPage#test" Target="BarPage#build"/><Link Source="BuildTool#test" Target="BuildTool#build"/><Link Source="FooApp1#test" Target="FooApp1#build"/><Link Source="FooApp2#test" Target="FooApp2#build"/><Link Source="FooCore#test" Target="FooCore#build"/><Link Source="BarCore#build" Target="BuildTool#build"/><Link Source="BarPage#build" Target="BarCore#build"/><Link Source="FooApp1#build" Target="FooCore#build"/><Link Source="FooApp2#build" Target="FooCore#build"/><Link Source="FooCore#build" Target="BuildTool#build"/></Links><Categories><Category Id="test" Label="test"/><Category Id="build" Label="build"/></Categories></DirectedGraph>"`;

exports[`info test with json reporter 1`] = `"{"timestamp":0,"level":30,"msg":"info","data":{"command":["test"],"scope":["BarCore","BarPage","BuildTool","FooApp1","FooApp2","FooCore"],"packageTasks":[{"id":"BarCore#test","command":["npm","run","test"],"dependencies":["BarCore#build"],"workingDirectory":"packages/BarCore","package":"BarCore","task":"test"},{"id":"BarPage#test","command":["npm","run","test"],"dependencies":["BarPage#build"],"workingDirectory":"packages/BarPage","package":"BarPage","task":"test"},{"id":"BuildTool#test","command":["npm","run","test"],"dependencies":["BuildTool#build"],"workingDirectory":"packages/BuildTool","package":"BuildTool","task":"test"},{"id":"FooApp1#test","command":["npm","run","test"],"dependencies":["FooApp1#build"],"workingDirectory":"packages/FooApp1","package":"FooApp1","task":"test"},{"id":"FooApp2#test","command":["npm","run","test"],"dependencies":["FooApp2#build"],"workingDirectory":"packages/FooApp2","package":"FooApp2","task":"test"},{"id":"FooCore#test","command":["npm","run","test"],"dependencies":["FooCore#build"],"workingDirectory":"packages/FooCore","package":"FooCore","task":"test"},{"id":"BarCore#build","command":["npm","run","build"],"dependencies":["BuildTool#build"],"workingDirectory":"packages/BarCore","package":"BarCore","task":"build"},{"id":"BarPage#build","command":["npm","run","build"],"dependencies":["BarCore#build"],"workingDirectory":"packages/BarPage","package":"BarPage","task":"build"},{"id":"BuildTool#build","command":["npm","run","build"],"dependencies":[],"workingDirectory":"packages/BuildTool","package":"BuildTool","task":"build"},{"id":"FooApp1#build","command":["npm","run","build"],"dependencies":["FooCore#build"],"workingDirectory":"packages/FooApp1","package":"FooApp1","task":"build"},{"id":"FooApp2#build","command":["npm","run","build"],"dependencies":["FooCore#build"],"workingDirectory":"packages/FooApp2","package":"FooApp2","task":"build"},{"id":"FooCore#build","command":["npm","run","build"],"dependencies":["BuildTool#build"],"workingDirectory":"packages/FooCore","package":"FooCore","task":"build"}]}}"`;
